[dotenv@17.2.3] injecting env (2) from .env -- tip: ≡ƒùé∩╕Å backup and recover secrets: https://dotenvx.com/ops
=== STARTING TEST: APPLICATION ID VERSIONING ===
Signing up test user...
Signup successful.
Creating project with App ID: TEST_APP_1769686695257
Project 1 Response Data: {
  "id": "697b46a7ed037bf9c3680e80",
  "message": "Project created successfully",
  "project": {
    "id": "697b46a7ed037bf9c3680e80",
    "projectType": "villa",
    "ownerName": "Test Owner",
    "consultantName": "Test Consultant",
    "plotNo": "123",
    "zone": "Zone A",
    "city": "Dubai",
    "status": "New",
    "statusHistory": [
      {
        "status": "New",
        "changedBy": "697b46a7ed037bf9c3680e7f",
        "changedByEmail": "bot_1769686695257@test.com",
        "changedAt": "2026-01-29T11:38:15.752Z",
        "reason": "Project created"
      }
    ],
    "createdBy": "697b46a7ed037bf9c3680e7f",
    "createdByEmail": "bot_1769686695257@test.com",
    "createdAt": "2026-01-29T11:38:15.752Z",
    "_id": "697b46a7ed037bf9c3680e80"
  }
}
Project 1 ID: 697b46a7ed037bf9c3680e80 Version: undefined
node : Γ¥î TEST 
FAILED: Expected 
version 1, got 
undefined
At line:1 char:1
+ node scripts/test_a
pplication_id.js > 
test_log.txt 2>&1; 
Get-Content  ...
+ ~~~~~~~~~~~~~~~~~~~
~~~~~~~~~~~~~~~~~~~~~
~~~~~~~~~~~~~~~
    + CategoryInfo   
           : NotSpe  
  cified: (Γ¥î TES   
 T FAILED..., got    
 undefined:Strin    
g) [], RemoteExc    
eption
    + FullyQualified 
   ErrorId : Native  
  CommandError
 
Error: Expected 
version 1, got 
undefined
    at runTest (C:\Us
ers\HP\Desktop\backen
d\mi3ar\miyar_backend
\scripts\test_applica
tion_id.js:44:19)
    at process.proces
sTicksAndRejections (
node:internal/process
/task_queues:103:5)
